// Jest Snapshot v1, https://goo.gl/fbAQLP

exports[`Pruebas en <LoginScreen /> Debe de mostrarse correctamente 1`] = `
<div
  className="container login-container"
>
  <div
    className="col-md-6 login-form-1"
  >
    <h3>
      Ingreso
    </h3>
    <form
      onSubmit={[Function]}
    >
      <div
        className="form-group"
      >
        <input
          className="form-control"
          name="email"
          onChange={[Function]}
          placeholder="Introduce tu correo"
          type="email"
          value=""
        />
      </div>
      <div
        className="form-group"
      >
        <input
          className="form-control"
          name="password"
          onChange={[Function]}
          placeholder="Introduce tu password"
          type="password"
          value=""
        />
      </div>
      <div
        className="form-group"
      >
        <input
          className="btnSubmit"
          type="submit"
          value="Login"
        />
      </div>
      <a
        href="/register"
        onClick={[Function]}
      >
        Crear nueva cuenta
      </a>
    </form>
  </div>
</div>
`;
